// Jest Snapshot v1, https://goo.gl/fbAQLP

exports[`App component tests renders properly 1`] = `
<div>
  <div
    class="app container"
  >
    <div
      class="load-data mt-3"
    >
      <span
        class="mr-3"
      >
        Load data:
      </span>
      <button
        class="btn btn-primary mr-3"
      >
        Small
      </button>
      <button
        class="btn btn-primary"
      >
        Big
      </button>
    </div>
    <div
      class="add-form"
    >
      <button
        class="btn btn-info"
      >
        Add
      </button>
    </div>
    <div
      class="search-form my-3"
    >
      <div
        class="form-inline"
      >
        <label>
          Search:
        </label>
        <input
          class="form-control mx-2"
          type="search"
        />
      </div>
    </div>
    <div
      class="table"
    >
      <table
        class="table table-hover"
      >
        <thead>
          <tr>
            <th
              class=""
            >
              #
            </th>
            <th
              class=""
            >
              First name
            </th>
            <th
              class=""
            >
              Last name
            </th>
            <th
              class=""
            >
              E-mail
            </th>
            <th
              class=""
            >
              Phone
            </th>
          </tr>
        </thead>
        <tbody>
          <tr>
            <td>
              1
            </td>
            <td>
              Frederick
            </td>
            <td>
              Catania
            </td>
            <td>
              GHellems@magna.net
            </td>
            <td>
              (458)969-6847
            </td>
          </tr>
          <tr>
            <td>
              2
            </td>
            <td>
              Curtis
            </td>
            <td>
              Bias
            </td>
            <td>
              CRobichaud@nec.gov
            </td>
            <td>
              (481)075-5034
            </td>
          </tr>
          <tr>
            <td>
              3
            </td>
            <td>
              Dora
            </td>
            <td>
              Crenshaw
            </td>
            <td>
              MSanchez@at.org
            </td>
            <td>
              (959)257-7541
            </td>
          </tr>
          <tr>
            <td>
              4
            </td>
            <td>
              Grace
            </td>
            <td>
              French
            </td>
            <td>
              JLund@vestibulum.com
            </td>
            <td>
              (976)555-7134
            </td>
          </tr>
          <tr>
            <td>
              5
            </td>
            <td>
              Randy
            </td>
            <td>
              Bunch
            </td>
            <td>
              KGunter@lacus.io
            </td>
            <td>
              (941)539-5519
            </td>
          </tr>
        </tbody>
      </table>
    </div>
    <div
      class="pages-nav d-flex"
    >
      <button
        class="btn btn-light"
        disabled=""
      >
        ◀
      </button>
      <nav
        class="d-flex w-100 justify-content-around"
      >
        <div
          class="form-inline"
        >
          <label>
            Page
          </label>
          <input
            class="form-control m-2"
            style="width: 100px;"
            type="number"
            value="1"
          />
          <label>
            of 
            1
          </label>
        </div>
        <div
          class="form-inline"
        >
          <label
            class="mr-2"
          >
            Rows on page:
          </label>
          <select>
            <option>
              5
            </option>
            <option>
              10
            </option>
            <option>
              50
            </option>
          </select>
        </div>
      </nav>
      <button
        class="btn btn-light"
        disabled=""
      >
        ▶
      </button>
    </div>
  </div>
</div>
`;
