// Jest Snapshot v1, https://goo.gl/fbAQLP

exports[`LoadData component tests renders properly 1`] = `
<div>
  <div
    class="load-data mt-3"
  >
    <span
      class="mr-3"
    >
      Load data:
    </span>
    <button
      class="btn btn-primary mr-3"
    >
      Small
    </button>
    <button
      class="btn btn-primary"
    >
      Big
    </button>
  </div>
</div>
`;
